[    2749ms] [LOG] %c[Vercel Web Analytics]%c Debug mode is enabled by default in development. No requests will be sent to the server. color: rgb(120, 120, 120) color: inherit @ https://va.vercel-scripts.com/v1/script.debug.js:0
[    2788ms] [LOG] %c[Vercel Web Analytics]%c [view] http://localhost:5173/works/webgl-image-slider/ color: rgb(120, 120, 120) color: inherit {o: http://localhost:5173/works/webgl-image-slider/, sv: 0.1.3, sdkn: @vercel/analytics, sdkv: 2.0.1, ts: 1785270713313} /_vercel/insights/view @ https://va.vercel-scripts.com/v1/script.debug.js:0
[    2854ms] [LOG] %c[Vercel Speed Insights]%c Debug mode is enabled by default in development. No requests will be sent to the server. color: rgb(120, 120, 120) color: inherit @ https://va.vercel-scripts.com/v1/speed-insights/script.debug.js:0
[    3022ms] [ERROR] Failed to load resource: the server responded with a status of 404 (Not Found) @ http://localhost:5173/favicon.ico:0
[   84139ms] [LOG] %c[Vercel Web Analytics]%c Debug mode is enabled by default in development. No requests will be sent to the server. color: rgb(120, 120, 120) color: inherit @ https://va.vercel-scripts.com/v1/script.debug.js:0
[   84144ms] [LOG] %c[Vercel Web Analytics]%c [view] http://localhost:5173/works/webgl-image-slider/ color: rgb(120, 120, 120) color: inherit {o: http://localhost:5173/works/webgl-image-slider/, sv: 0.1.3, sdkn: @vercel/analytics, sdkv: 2.0.1, ts: 1785270794684} /_vercel/insights/view @ https://va.vercel-scripts.com/v1/script.debug.js:0
[   84145ms] [LOG] %c[Vercel Speed Insights]%c Debug mode is enabled by default in development. No requests will be sent to the server. color: rgb(120, 120, 120) color: inherit @ https://va.vercel-scripts.com/v1/speed-insights/script.debug.js:0
[  161991ms] [LOG] %c[Vercel Web Analytics]%c Debug mode is enabled by default in development. No requests will be sent to the server. color: rgb(120, 120, 120) color: inherit @ https://va.vercel-scripts.com/v1/script.debug.js:0
[  161991ms] [LOG] %c[Vercel Web Analytics]%c [view] http://localhost:5173/works/webgl-image-slider/ color: rgb(120, 120, 120) color: inherit {o: http://localhost:5173/works/webgl-image-slider/, sv: 0.1.3, sdkn: @vercel/analytics, sdkv: 2.0.1, ts: 1785270872531} /_vercel/insights/view @ https://va.vercel-scripts.com/v1/script.debug.js:0
[  161991ms] [LOG] %c[Vercel Speed Insights]%c Debug mode is enabled by default in development. No requests will be sent to the server. color: rgb(120, 120, 120) color: inherit @ https://va.vercel-scripts.com/v1/speed-insights/script.debug.js:0
[  179753ms] [LOG] %c[Vercel Web Analytics]%c Debug mode is enabled by default in development. No requests will be sent to the server. color: rgb(120, 120, 120) color: inherit @ https://va.vercel-scripts.com/v1/script.debug.js:0
[  179753ms] [LOG] %c[Vercel Web Analytics]%c [view] http://localhost:5173/works/webgl-image-slider/ color: rgb(120, 120, 120) color: inherit {o: http://localhost:5173/works/webgl-image-slider/, sv: 0.1.3, sdkn: @vercel/analytics, sdkv: 2.0.1, ts: 1785270890294} /_vercel/insights/view @ https://va.vercel-scripts.com/v1/script.debug.js:0
[  179753ms] [LOG] %c[Vercel Speed Insights]%c Debug mode is enabled by default in development. No requests will be sent to the server. color: rgb(120, 120, 120) color: inherit @ https://va.vercel-scripts.com/v1/speed-insights/script.debug.js:0
[  293215ms] [LOG] %c[Vercel Web Analytics]%c Debug mode is enabled by default in development. No requests will be sent to the server. color: rgb(120, 120, 120) color: inherit @ https://va.vercel-scripts.com/v1/script.debug.js:0
[  293215ms] [LOG] %c[Vercel Web Analytics]%c [view] http://localhost:5173/works/webgl-image-slider/ color: rgb(120, 120, 120) color: inherit {o: http://localhost:5173/works/webgl-image-slider/, sv: 0.1.3, sdkn: @vercel/analytics, sdkv: 2.0.1, ts: 1785271003756} /_vercel/insights/view @ https://va.vercel-scripts.com/v1/script.debug.js:0
[  293215ms] [LOG] %c[Vercel Speed Insights]%c Debug mode is enabled by default in development. No requests will be sent to the server. color: rgb(120, 120, 120) color: inherit @ https://va.vercel-scripts.com/v1/speed-insights/script.debug.js:0
[  297196ms] [LOG] %c[Vercel Web Analytics]%c Debug mode is enabled by default in development. No requests will be sent to the server. color: rgb(120, 120, 120) color: inherit @ https://va.vercel-scripts.com/v1/script.debug.js:0
[  297196ms] [LOG] %c[Vercel Web Analytics]%c [view] http://localhost:5173/works/webgl-image-slider/ color: rgb(120, 120, 120) color: inherit {o: http://localhost:5173/works/webgl-image-slider/, sv: 0.1.3, sdkn: @vercel/analytics, sdkv: 2.0.1, ts: 1785271007737} /_vercel/insights/view @ https://va.vercel-scripts.com/v1/script.debug.js:0
[  297196ms] [LOG] %c[Vercel Speed Insights]%c Debug mode is enabled by default in development. No requests will be sent to the server. color: rgb(120, 120, 120) color: inherit @ https://va.vercel-scripts.com/v1/speed-insights/script.debug.js:0
[  300424ms] [WARNING] The resource http://localhost:5173/src/assets/fonts/libre-franklin-latin.woff2 was preloaded using link preload but not used within a few seconds from the window's load event. Please make sure it has an appropriate `as` value and it is preloaded intentionally. @ http://localhost:5173/works/webgl-image-slider/:0
[  304609ms] [LOG] %c[Vercel Web Analytics]%c Debug mode is enabled by default in development. No requests will be sent to the server. color: rgb(120, 120, 120) color: inherit @ https://va.vercel-scripts.com/v1/script.debug.js:0
[  304610ms] [LOG] %c[Vercel Web Analytics]%c [view] http://localhost:5173/works/webgl-image-slider/ color: rgb(120, 120, 120) color: inherit {o: http://localhost:5173/works/webgl-image-slider/, sv: 0.1.3, sdkn: @vercel/analytics, sdkv: 2.0.1, ts: 1785271015150} /_vercel/insights/view @ https://va.vercel-scripts.com/v1/script.debug.js:0
[  304610ms] [LOG] %c[Vercel Speed Insights]%c Debug mode is enabled by default in development. No requests will be sent to the server. color: rgb(120, 120, 120) color: inherit @ https://va.vercel-scripts.com/v1/speed-insights/script.debug.js:0
[  307786ms] [WARNING] The resource http://localhost:5173/src/assets/fonts/libre-franklin-latin.woff2 was preloaded using link preload but not used within a few seconds from the window's load event. Please make sure it has an appropriate `as` value and it is preloaded intentionally. @ http://localhost:5173/works/webgl-image-slider/:0
[  395425ms] [LOG] %c[Vercel Speed Insights]%c Debug mode is enabled by default in development. No requests will be sent to the server. color: rgb(120, 120, 120) color: inherit @ https://va.vercel-scripts.com/v1/speed-insights/script.debug.js:0
[  395429ms] [LOG] %c[Vercel Web Analytics]%c Debug mode is enabled by default in development. No requests will be sent to the server. color: rgb(120, 120, 120) color: inherit @ https://va.vercel-scripts.com/v1/script.debug.js:0
[  395429ms] [LOG] %c[Vercel Web Analytics]%c [view] http://localhost:5173/works/webgl-image-slider/ color: rgb(120, 120, 120) color: inherit {o: http://localhost:5173/works/webgl-image-slider/, sv: 0.1.3, sdkn: @vercel/analytics, sdkv: 2.0.1, ts: 1785271105969} /_vercel/insights/view @ https://va.vercel-scripts.com/v1/script.debug.js:0
[  400668ms] [LOG] %c[Vercel Web Analytics]%c Debug mode is enabled by default in development. No requests will be sent to the server. color: rgb(120, 120, 120) color: inherit @ https://va.vercel-scripts.com/v1/script.debug.js:0
[  400668ms] [LOG] %c[Vercel Web Analytics]%c [view] http://localhost:5173/works/webgl-image-slider/ color: rgb(120, 120, 120) color: inherit {o: http://localhost:5173/works/webgl-image-slider/, sv: 0.1.3, sdkn: @vercel/analytics, sdkv: 2.0.1, ts: 1785271111208} /_vercel/insights/view @ https://va.vercel-scripts.com/v1/script.debug.js:0
[  400668ms] [LOG] %c[Vercel Speed Insights]%c Debug mode is enabled by default in development. No requests will be sent to the server. color: rgb(120, 120, 120) color: inherit @ https://va.vercel-scripts.com/v1/speed-insights/script.debug.js:0
[  568572ms] [LOG] %c[Vercel Web Analytics]%c Debug mode is enabled by default in development. No requests will be sent to the server. color: rgb(120, 120, 120) color: inherit @ https://va.vercel-scripts.com/v1/script.debug.js:0
[  568572ms] [LOG] %c[Vercel Web Analytics]%c [view] http://localhost:5173/works/webgl-image-slider/ color: rgb(120, 120, 120) color: inherit {o: http://localhost:5173/works/webgl-image-slider/, sv: 0.1.3, sdkn: @vercel/analytics, sdkv: 2.0.1, ts: 1785271279112} /_vercel/insights/view @ https://va.vercel-scripts.com/v1/script.debug.js:0
[  568572ms] [LOG] %c[Vercel Speed Insights]%c Debug mode is enabled by default in development. No requests will be sent to the server. color: rgb(120, 120, 120) color: inherit @ https://va.vercel-scripts.com/v1/speed-insights/script.debug.js:0
[  573182ms] [LOG] %c[Vercel Web Analytics]%c Debug mode is enabled by default in development. No requests will be sent to the server. color: rgb(120, 120, 120) color: inherit @ https://va.vercel-scripts.com/v1/script.debug.js:0
[  573182ms] [LOG] %c[Vercel Web Analytics]%c [view] http://localhost:5173/works/webgl-image-slider/ color: rgb(120, 120, 120) color: inherit {o: http://localhost:5173/works/webgl-image-slider/, sv: 0.1.3, sdkn: @vercel/analytics, sdkv: 2.0.1, ts: 1785271283723} /_vercel/insights/view @ https://va.vercel-scripts.com/v1/script.debug.js:0
[  573182ms] [LOG] %c[Vercel Speed Insights]%c Debug mode is enabled by default in development. No requests will be sent to the server. color: rgb(120, 120, 120) color: inherit @ https://va.vercel-scripts.com/v1/speed-insights/script.debug.js:0
[  577563ms] [WARNING] The resource http://localhost:5173/src/assets/fonts/libre-franklin-latin.woff2 was preloaded using link preload but not used within a few seconds from the window's load event. Please make sure it has an appropriate `as` value and it is preloaded intentionally. @ http://localhost:5173/works/webgl-image-slider/:0
[  701162ms] [LOG] %c[Vercel Web Analytics]%c Debug mode is enabled by default in development. No requests will be sent to the server. color: rgb(120, 120, 120) color: inherit @ https://va.vercel-scripts.com/v1/script.debug.js:0
[  701162ms] [LOG] %c[Vercel Web Analytics]%c [view] http://localhost:5173/works/webgl-image-slider/ color: rgb(120, 120, 120) color: inherit {o: http://localhost:5173/works/webgl-image-slider/, sv: 0.1.3, sdkn: @vercel/analytics, sdkv: 2.0.1, ts: 1785271411703} /_vercel/insights/view @ https://va.vercel-scripts.com/v1/script.debug.js:0
[  701163ms] [LOG] %c[Vercel Speed Insights]%c Debug mode is enabled by default in development. No requests will be sent to the server. color: rgb(120, 120, 120) color: inherit @ https://va.vercel-scripts.com/v1/speed-insights/script.debug.js:0
[  714384ms] [LOG] %c[Vercel Web Analytics]%c Debug mode is enabled by default in development. No requests will be sent to the server. color: rgb(120, 120, 120) color: inherit @ https://va.vercel-scripts.com/v1/script.debug.js:0
[  714385ms] [LOG] %c[Vercel Web Analytics]%c [view] http://localhost:5173/works/webgl-image-slider/ color: rgb(120, 120, 120) color: inherit {o: http://localhost:5173/works/webgl-image-slider/, sv: 0.1.3, sdkn: @vercel/analytics, sdkv: 2.0.1, ts: 1785271424925} /_vercel/insights/view @ https://va.vercel-scripts.com/v1/script.debug.js:0
[  714385ms] [LOG] %c[Vercel Speed Insights]%c Debug mode is enabled by default in development. No requests will be sent to the server. color: rgb(120, 120, 120) color: inherit @ https://va.vercel-scripts.com/v1/speed-insights/script.debug.js:0
[  720512ms] [LOG] %c[Vercel Web Analytics]%c Debug mode is enabled by default in development. No requests will be sent to the server. color: rgb(120, 120, 120) color: inherit @ https://va.vercel-scripts.com/v1/script.debug.js:0
[  720513ms] [LOG] %c[Vercel Web Analytics]%c [view] http://localhost:5173/works/webgl-image-slider/ color: rgb(120, 120, 120) color: inherit {o: http://localhost:5173/works/webgl-image-slider/, sv: 0.1.3, sdkn: @vercel/analytics, sdkv: 2.0.1, ts: 1785271431053} /_vercel/insights/view @ https://va.vercel-scripts.com/v1/script.debug.js:0
[  720513ms] [LOG] %c[Vercel Speed Insights]%c Debug mode is enabled by default in development. No requests will be sent to the server. color: rgb(120, 120, 120) color: inherit @ https://va.vercel-scripts.com/v1/speed-insights/script.debug.js:0
[  724879ms] [WARNING] The resource http://localhost:5173/src/assets/fonts/libre-franklin-latin.woff2 was preloaded using link preload but not used within a few seconds from the window's load event. Please make sure it has an appropriate `as` value and it is preloaded intentionally. @ http://localhost:5173/works/webgl-image-slider/:0
[  733580ms] [WARNING] The resource http://localhost:5173/src/assets/fonts/libre-franklin-latin.woff2 was preloaded using link preload but not used within a few seconds from the window's load event. Please make sure it has an appropriate `as` value and it is preloaded intentionally. @ http://localhost:5173/works/webgl-image-slider/:0
[ 1202636ms] [LOG] %c[Vercel Web Analytics]%c Debug mode is enabled by default in development. No requests will be sent to the server. color: rgb(120, 120, 120) color: inherit @ https://va.vercel-scripts.com/v1/script.debug.js:0
[ 1202636ms] [LOG] %c[Vercel Web Analytics]%c [view] http://localhost:5173/works/webgl-image-slider/ color: rgb(120, 120, 120) color: inherit {o: http://localhost:5173/works/webgl-image-slider/, sv: 0.1.3, sdkn: @vercel/analytics, sdkv: 2.0.1, ts: 1785271913176} /_vercel/insights/view @ https://va.vercel-scripts.com/v1/script.debug.js:0
[ 1202636ms] [LOG] %c[Vercel Speed Insights]%c Debug mode is enabled by default in development. No requests will be sent to the server. color: rgb(120, 120, 120) color: inherit @ https://va.vercel-scripts.com/v1/speed-insights/script.debug.js:0
[ 1263840ms] [LOG] %c[Vercel Web Analytics]%c Debug mode is enabled by default in development. No requests will be sent to the server. color: rgb(120, 120, 120) color: inherit @ https://va.vercel-scripts.com/v1/script.debug.js:0
[ 1263840ms] [LOG] %c[Vercel Web Analytics]%c [view] http://localhost:5173/works/webgl-image-slider/ color: rgb(120, 120, 120) color: inherit {o: http://localhost:5173/works/webgl-image-slider/, sv: 0.1.3, sdkn: @vercel/analytics, sdkv: 2.0.1, ts: 1785271974381} /_vercel/insights/view @ https://va.vercel-scripts.com/v1/script.debug.js:0
[ 1263840ms] [LOG] %c[Vercel Speed Insights]%c Debug mode is enabled by default in development. No requests will be sent to the server. color: rgb(120, 120, 120) color: inherit @ https://va.vercel-scripts.com/v1/speed-insights/script.debug.js:0
[ 1267872ms] [LOG] %c[Vercel Web Analytics]%c Debug mode is enabled by default in development. No requests will be sent to the server. color: rgb(120, 120, 120) color: inherit @ https://va.vercel-scripts.com/v1/script.debug.js:0
[ 1267872ms] [LOG] %c[Vercel Web Analytics]%c [view] http://localhost:5173/works/webgl-image-slider/ color: rgb(120, 120, 120) color: inherit {o: http://localhost:5173/works/webgl-image-slider/, sv: 0.1.3, sdkn: @vercel/analytics, sdkv: 2.0.1, ts: 1785271978412} /_vercel/insights/view @ https://va.vercel-scripts.com/v1/script.debug.js:0
[ 1267872ms] [LOG] %c[Vercel Speed Insights]%c Debug mode is enabled by default in development. No requests will be sent to the server. color: rgb(120, 120, 120) color: inherit @ https://va.vercel-scripts.com/v1/speed-insights/script.debug.js:0
[ 1326639ms] [LOG] %c[Vercel Web Analytics]%c Debug mode is enabled by default in development. No requests will be sent to the server. color: rgb(120, 120, 120) color: inherit @ https://va.vercel-scripts.com/v1/script.debug.js:0
[ 1326639ms] [LOG] %c[Vercel Web Analytics]%c [view] http://localhost:5173/works/webgl-image-slider/ color: rgb(120, 120, 120) color: inherit {o: http://localhost:5173/works/webgl-image-slider/, sv: 0.1.3, sdkn: @vercel/analytics, sdkv: 2.0.1, ts: 1785272037180} /_vercel/insights/view @ https://va.vercel-scripts.com/v1/script.debug.js:0
[ 1326640ms] [LOG] %c[Vercel Speed Insights]%c Debug mode is enabled by default in development. No requests will be sent to the server. color: rgb(120, 120, 120) color: inherit @ https://va.vercel-scripts.com/v1/speed-insights/script.debug.js:0
[ 1440591ms] [LOG] %c[Vercel Speed Insights]%c Debug mode is enabled by default in development. No requests will be sent to the server. color: rgb(120, 120, 120) color: inherit @ https://va.vercel-scripts.com/v1/speed-insights/script.debug.js:0
[ 1440597ms] [LOG] %c[Vercel Web Analytics]%c Debug mode is enabled by default in development. No requests will be sent to the server. color: rgb(120, 120, 120) color: inherit @ https://va.vercel-scripts.com/v1/script.debug.js:0
[ 1440597ms] [LOG] %c[Vercel Web Analytics]%c [view] http://localhost:5173/works/webgl-image-slider/ color: rgb(120, 120, 120) color: inherit {o: http://localhost:5173/works/webgl-image-slider/, sv: 0.1.3, sdkn: @vercel/analytics, sdkv: 2.0.1, ts: 1785272151138} /_vercel/insights/view @ https://va.vercel-scripts.com/v1/script.debug.js:0
[ 1449057ms] [LOG] %c[Vercel Web Analytics]%c Debug mode is enabled by default in development. No requests will be sent to the server. color: rgb(120, 120, 120) color: inherit @ https://va.vercel-scripts.com/v1/script.debug.js:0
[ 1449057ms] [LOG] %c[Vercel Web Analytics]%c [view] http://localhost:5173/works/webgl-image-slider/ color: rgb(120, 120, 120) color: inherit {o: http://localhost:5173/works/webgl-image-slider/, sv: 0.1.3, sdkn: @vercel/analytics, sdkv: 2.0.1, ts: 1785272159597} /_vercel/insights/view @ https://va.vercel-scripts.com/v1/script.debug.js:0
[ 1449057ms] [LOG] %c[Vercel Speed Insights]%c Debug mode is enabled by default in development. No requests will be sent to the server. color: rgb(120, 120, 120) color: inherit @ https://va.vercel-scripts.com/v1/speed-insights/script.debug.js:0
[ 1484568ms] [LOG] %c[Vercel Web Analytics]%c Debug mode is enabled by default in development. No requests will be sent to the server. color: rgb(120, 120, 120) color: inherit @ https://va.vercel-scripts.com/v1/script.debug.js:0
[ 1484568ms] [LOG] %c[Vercel Web Analytics]%c [view] http://localhost:5173/works/webgl-image-slider/ color: rgb(120, 120, 120) color: inherit {o: http://localhost:5173/works/webgl-image-slider/, sv: 0.1.3, sdkn: @vercel/analytics, sdkv: 2.0.1, ts: 1785272195108} /_vercel/insights/view @ https://va.vercel-scripts.com/v1/script.debug.js:0
[ 1484569ms] [LOG] %c[Vercel Speed Insights]%c Debug mode is enabled by default in development. No requests will be sent to the server. color: rgb(120, 120, 120) color: inherit @ https://va.vercel-scripts.com/v1/speed-insights/script.debug.js:0
[ 1489130ms] [LOG] %c[Vercel Web Analytics]%c Debug mode is enabled by default in development. No requests will be sent to the server. color: rgb(120, 120, 120) color: inherit @ https://va.vercel-scripts.com/v1/script.debug.js:0
[ 1489131ms] [LOG] %c[Vercel Web Analytics]%c [view] http://localhost:5173/works/webgl-image-slider/ color: rgb(120, 120, 120) color: inherit {o: http://localhost:5173/works/webgl-image-slider/, sv: 0.1.3, sdkn: @vercel/analytics, sdkv: 2.0.1, ts: 1785272199671} /_vercel/insights/view @ https://va.vercel-scripts.com/v1/script.debug.js:0
[ 1489131ms] [LOG] %c[Vercel Speed Insights]%c Debug mode is enabled by default in development. No requests will be sent to the server. color: rgb(120, 120, 120) color: inherit @ https://va.vercel-scripts.com/v1/speed-insights/script.debug.js:0
[ 1696701ms] [LOG] %c[Vercel Web Analytics]%c Debug mode is enabled by default in development. No requests will be sent to the server. color: rgb(120, 120, 120) color: inherit @ https://va.vercel-scripts.com/v1/script.debug.js:0
[ 1696702ms] [LOG] %c[Vercel Web Analytics]%c [view] http://localhost:5173/works/webgl-image-slider/ color: rgb(120, 120, 120) color: inherit {o: http://localhost:5173/works/webgl-image-slider/, sv: 0.1.3, sdkn: @vercel/analytics, sdkv: 2.0.1, ts: 1785272407242} /_vercel/insights/view @ https://va.vercel-scripts.com/v1/script.debug.js:0
[ 1696702ms] [LOG] %c[Vercel Speed Insights]%c Debug mode is enabled by default in development. No requests will be sent to the server. color: rgb(120, 120, 120) color: inherit @ https://va.vercel-scripts.com/v1/speed-insights/script.debug.js:0
[ 1812088ms] [LOG] %c[Vercel Web Analytics]%c Debug mode is enabled by default in development. No requests will be sent to the server. color: rgb(120, 120, 120) color: inherit @ https://va.vercel-scripts.com/v1/script.debug.js:0
[ 1812088ms] [LOG] %c[Vercel Web Analytics]%c [view] http://localhost:5173/works/webgl-image-slider/ color: rgb(120, 120, 120) color: inherit {o: http://localhost:5173/works/webgl-image-slider/, sv: 0.1.3, sdkn: @vercel/analytics, sdkv: 2.0.1, ts: 1785272522629} /_vercel/insights/view @ https://va.vercel-scripts.com/v1/script.debug.js:0
[ 1812089ms] [LOG] %c[Vercel Speed Insights]%c Debug mode is enabled by default in development. No requests will be sent to the server. color: rgb(120, 120, 120) color: inherit @ https://va.vercel-scripts.com/v1/speed-insights/script.debug.js:0
[ 1819443ms] [LOG] %c[Vercel Web Analytics]%c Debug mode is enabled by default in development. No requests will be sent to the server. color: rgb(120, 120, 120) color: inherit @ https://va.vercel-scripts.com/v1/script.debug.js:0
[ 1819443ms] [LOG] %c[Vercel Web Analytics]%c [view] http://localhost:5173/works/webgl-image-slider/ color: rgb(120, 120, 120) color: inherit {o: http://localhost:5173/works/webgl-image-slider/, sv: 0.1.3, sdkn: @vercel/analytics, sdkv: 2.0.1, ts: 1785272529984} /_vercel/insights/view @ https://va.vercel-scripts.com/v1/script.debug.js:0
[ 1819444ms] [LOG] %c[Vercel Speed Insights]%c Debug mode is enabled by default in development. No requests will be sent to the server. color: rgb(120, 120, 120) color: inherit @ https://va.vercel-scripts.com/v1/speed-insights/script.debug.js:0
[ 1884133ms] [LOG] %c[Vercel Web Analytics]%c Debug mode is enabled by default in development. No requests will be sent to the server. color: rgb(120, 120, 120) color: inherit @ https://va.vercel-scripts.com/v1/script.debug.js:0
[ 1884133ms] [LOG] %c[Vercel Web Analytics]%c [view] http://localhost:5173/works/webgl-image-slider/ color: rgb(120, 120, 120) color: inherit {o: http://localhost:5173/works/webgl-image-slider/, sv: 0.1.3, sdkn: @vercel/analytics, sdkv: 2.0.1, ts: 1785272594674} /_vercel/insights/view @ https://va.vercel-scripts.com/v1/script.debug.js:0
[ 1884134ms] [LOG] %c[Vercel Speed Insights]%c Debug mode is enabled by default in development. No requests will be sent to the server. color: rgb(120, 120, 120) color: inherit @ https://va.vercel-scripts.com/v1/speed-insights/script.debug.js:0
[ 1967217ms] [LOG] %c[Vercel Speed Insights]%c Debug mode is enabled by default in development. No requests will be sent to the server. color: rgb(120, 120, 120) color: inherit @ https://va.vercel-scripts.com/v1/speed-insights/script.debug.js:0
[ 1967225ms] [LOG] %c[Vercel Web Analytics]%c Debug mode is enabled by default in development. No requests will be sent to the server. color: rgb(120, 120, 120) color: inherit @ https://va.vercel-scripts.com/v1/script.debug.js:0
[ 1967238ms] [LOG] %c[Vercel Web Analytics]%c [view] http://localhost:5173/works/webgl-image-slider/ color: rgb(120, 120, 120) color: inherit {o: http://localhost:5173/works/webgl-image-slider/, sv: 0.1.3, sdkn: @vercel/analytics, sdkv: 2.0.1, ts: 1785272677773} /_vercel/insights/view @ https://va.vercel-scripts.com/v1/script.debug.js:0
[ 2022975ms] [LOG] %c[Vercel Web Analytics]%c Debug mode is enabled by default in development. No requests will be sent to the server. color: rgb(120, 120, 120) color: inherit @ https://va.vercel-scripts.com/v1/script.debug.js:0
[ 2022976ms] [LOG] %c[Vercel Web Analytics]%c [view] http://localhost:5173/works/webgl-image-slider/ color: rgb(120, 120, 120) color: inherit {o: http://localhost:5173/works/webgl-image-slider/, sv: 0.1.3, sdkn: @vercel/analytics, sdkv: 2.0.1, ts: 1785272733516} /_vercel/insights/view @ https://va.vercel-scripts.com/v1/script.debug.js:0
[ 2022976ms] [LOG] %c[Vercel Speed Insights]%c Debug mode is enabled by default in development. No requests will be sent to the server. color: rgb(120, 120, 120) color: inherit @ https://va.vercel-scripts.com/v1/speed-insights/script.debug.js:0
[ 2069495ms] [LOG] %c[Vercel Speed Insights]%c Debug mode is enabled by default in development. No requests will be sent to the server. color: rgb(120, 120, 120) color: inherit @ https://va.vercel-scripts.com/v1/speed-insights/script.debug.js:0
[ 2069500ms] [LOG] %c[Vercel Web Analytics]%c Debug mode is enabled by default in development. No requests will be sent to the server. color: rgb(120, 120, 120) color: inherit @ https://va.vercel-scripts.com/v1/script.debug.js:0
[ 2069500ms] [LOG] %c[Vercel Web Analytics]%c [view] http://localhost:5173/works/webgl-image-slider/ color: rgb(120, 120, 120) color: inherit {o: http://localhost:5173/works/webgl-image-slider/, sv: 0.1.3, sdkn: @vercel/analytics, sdkv: 2.0.1, ts: 1785272780040} /_vercel/insights/view @ https://va.vercel-scripts.com/v1/script.debug.js:0
[ 2114724ms] [LOG] %c[Vercel Web Analytics]%c Debug mode is enabled by default in development. No requests will be sent to the server. color: rgb(120, 120, 120) color: inherit @ https://va.vercel-scripts.com/v1/script.debug.js:0
[ 2114724ms] [LOG] %c[Vercel Web Analytics]%c [view] http://localhost:5173/works/webgl-image-slider/ color: rgb(120, 120, 120) color: inherit {o: http://localhost:5173/works/webgl-image-slider/, sv: 0.1.3, sdkn: @vercel/analytics, sdkv: 2.0.1, ts: 1785272825265} /_vercel/insights/view @ https://va.vercel-scripts.com/v1/script.debug.js:0
[ 2114724ms] [LOG] %c[Vercel Speed Insights]%c Debug mode is enabled by default in development. No requests will be sent to the server. color: rgb(120, 120, 120) color: inherit @ https://va.vercel-scripts.com/v1/speed-insights/script.debug.js:0
[ 2159568ms] [LOG] %c[Vercel Web Analytics]%c Debug mode is enabled by default in development. No requests will be sent to the server. color: rgb(120, 120, 120) color: inherit @ https://va.vercel-scripts.com/v1/script.debug.js:0
[ 2159568ms] [LOG] %c[Vercel Web Analytics]%c [view] http://localhost:5173/works/webgl-image-slider/ color: rgb(120, 120, 120) color: inherit {o: http://localhost:5173/works/webgl-image-slider/, sv: 0.1.3, sdkn: @vercel/analytics, sdkv: 2.0.1, ts: 1785272870109} /_vercel/insights/view @ https://va.vercel-scripts.com/v1/script.debug.js:0
[ 2159568ms] [LOG] %c[Vercel Speed Insights]%c Debug mode is enabled by default in development. No requests will be sent to the server. color: rgb(120, 120, 120) color: inherit @ https://va.vercel-scripts.com/v1/speed-insights/script.debug.js:0
[ 2287404ms] [LOG] %c[Vercel Web Analytics]%c Debug mode is enabled by default in development. No requests will be sent to the server. color: rgb(120, 120, 120) color: inherit @ https://va.vercel-scripts.com/v1/script.debug.js:0
[ 2287404ms] [LOG] %c[Vercel Web Analytics]%c [view] http://localhost:5173/works/webgl-image-slider/ color: rgb(120, 120, 120) color: inherit {o: http://localhost:5173/works/webgl-image-slider/, sv: 0.1.3, sdkn: @vercel/analytics, sdkv: 2.0.1, ts: 1785272997944} /_vercel/insights/view @ https://va.vercel-scripts.com/v1/script.debug.js:0
[ 2287404ms] [LOG] %c[Vercel Speed Insights]%c Debug mode is enabled by default in development. No requests will be sent to the server. color: rgb(120, 120, 120) color: inherit @ https://va.vercel-scripts.com/v1/speed-insights/script.debug.js:0
[ 2299497ms] [LOG] %c[Vercel Web Analytics]%c Debug mode is enabled by default in development. No requests will be sent to the server. color: rgb(120, 120, 120) color: inherit @ https://va.vercel-scripts.com/v1/script.debug.js:0
[ 2299497ms] [LOG] %c[Vercel Web Analytics]%c [view] http://localhost:5173/works/webgl-image-slider/ color: rgb(120, 120, 120) color: inherit {o: http://localhost:5173/works/webgl-image-slider/, sv: 0.1.3, sdkn: @vercel/analytics, sdkv: 2.0.1, ts: 1785273010037} /_vercel/insights/view @ https://va.vercel-scripts.com/v1/script.debug.js:0
[ 2299497ms] [LOG] %c[Vercel Speed Insights]%c Debug mode is enabled by default in development. No requests will be sent to the server. color: rgb(120, 120, 120) color: inherit @ https://va.vercel-scripts.com/v1/speed-insights/script.debug.js:0
[ 2322919ms] [LOG] %c[Vercel Web Analytics]%c Debug mode is enabled by default in development. No requests will be sent to the server. color: rgb(120, 120, 120) color: inherit @ https://va.vercel-scripts.com/v1/script.debug.js:0
[ 2322919ms] [LOG] %c[Vercel Web Analytics]%c [view] http://localhost:5173/works/webgl-image-slider/ color: rgb(120, 120, 120) color: inherit {o: http://localhost:5173/works/webgl-image-slider/, sv: 0.1.3, sdkn: @vercel/analytics, sdkv: 2.0.1, ts: 1785273033460} /_vercel/insights/view @ https://va.vercel-scripts.com/v1/script.debug.js:0
[ 2322919ms] [LOG] %c[Vercel Speed Insights]%c Debug mode is enabled by default in development. No requests will be sent to the server. color: rgb(120, 120, 120) color: inherit @ https://va.vercel-scripts.com/v1/speed-insights/script.debug.js:0
[ 2346668ms] [LOG] %c[Vercel Web Analytics]%c Debug mode is enabled by default in development. No requests will be sent to the server. color: rgb(120, 120, 120) color: inherit @ https://va.vercel-scripts.com/v1/script.debug.js:0
[ 2346668ms] [LOG] %c[Vercel Web Analytics]%c [view] http://localhost:5173/works/webgl-image-slider/ color: rgb(120, 120, 120) color: inherit {o: http://localhost:5173/works/webgl-image-slider/, sv: 0.1.3, sdkn: @vercel/analytics, sdkv: 2.0.1, ts: 1785273057209} /_vercel/insights/view @ https://va.vercel-scripts.com/v1/script.debug.js:0
[ 2346668ms] [LOG] %c[Vercel Speed Insights]%c Debug mode is enabled by default in development. No requests will be sent to the server. color: rgb(120, 120, 120) color: inherit @ https://va.vercel-scripts.com/v1/speed-insights/script.debug.js:0
[ 2354770ms] [LOG] %c[Vercel Web Analytics]%c Debug mode is enabled by default in development. No requests will be sent to the server. color: rgb(120, 120, 120) color: inherit @ https://va.vercel-scripts.com/v1/script.debug.js:0
[ 2354770ms] [LOG] %c[Vercel Web Analytics]%c [view] http://localhost:5173/works/webgl-image-slider/ color: rgb(120, 120, 120) color: inherit {o: http://localhost:5173/works/webgl-image-slider/, sv: 0.1.3, sdkn: @vercel/analytics, sdkv: 2.0.1, ts: 1785273065310} /_vercel/insights/view @ https://va.vercel-scripts.com/v1/script.debug.js:0
[ 2354770ms] [LOG] %c[Vercel Speed Insights]%c Debug mode is enabled by default in development. No requests will be sent to the server. color: rgb(120, 120, 120) color: inherit @ https://va.vercel-scripts.com/v1/speed-insights/script.debug.js:0
[ 2409114ms] [LOG] %c[Vercel Web Analytics]%c Debug mode is enabled by default in development. No requests will be sent to the server. color: rgb(120, 120, 120) color: inherit @ https://va.vercel-scripts.com/v1/script.debug.js:0
[ 2409114ms] [LOG] %c[Vercel Web Analytics]%c [view] http://localhost:5173/works/webgl-image-slider/ color: rgb(120, 120, 120) color: inherit {o: http://localhost:5173/works/webgl-image-slider/, sv: 0.1.3, sdkn: @vercel/analytics, sdkv: 2.0.1, ts: 1785273119655} /_vercel/insights/view @ https://va.vercel-scripts.com/v1/script.debug.js:0
[ 2409115ms] [LOG] %c[Vercel Speed Insights]%c Debug mode is enabled by default in development. No requests will be sent to the server. color: rgb(120, 120, 120) color: inherit @ https://va.vercel-scripts.com/v1/speed-insights/script.debug.js:0
[ 2577059ms] [LOG] %c[Vercel Speed Insights]%c [vitals] color: rgb(120, 120, 120) color: inherit {speed: 4g, metrics: Array(3), scriptVersion: 0.1.3, sdkName: @vercel/speed-insights, sdkVersion: 2.0.0} /_vercel/speed-insights/vitals @ https://va.vercel-scripts.com/v1/speed-insights/script.debug.js:0
[ 2577065ms] [LOG] %c[Vercel Speed Insights]%c [vitals] color: rgb(120, 120, 120) color: inherit {speed: 4g, metrics: Array(1), scriptVersion: 0.1.3, sdkName: @vercel/speed-insights, sdkVersion: 2.0.0} /_vercel/speed-insights/vitals @ https://va.vercel-scripts.com/v1/speed-insights/script.debug.js:0
