[    7160ms] [LOG] %c[Vercel Speed Insights]%c Debug mode is enabled by default in development. No requests will be sent to the server. color: rgb(120, 120, 120) color: inherit @ https://va.vercel-scripts.com/v1/speed-insights/script.debug.js:0
[    7195ms] [LOG] %c[Vercel Web Analytics]%c Debug mode is enabled by default in development. No requests will be sent to the server. color: rgb(120, 120, 120) color: inherit @ https://va.vercel-scripts.com/v1/script.debug.js:0
[    7197ms] [LOG] %c[Vercel Web Analytics]%c [view] http://localhost:5173/works/webgl-image-slider/ color: rgb(120, 120, 120) color: inherit {o: http://localhost:5173/works/webgl-image-slider/, sv: 0.1.3, sdkn: @vercel/analytics, sdkv: 2.0.1, ts: 1785273459350} /_vercel/insights/view @ https://va.vercel-scripts.com/v1/script.debug.js:0
[   56422ms] [LOG] %c[Vercel Web Analytics]%c Debug mode is enabled by default in development. No requests will be sent to the server. color: rgb(120, 120, 120) color: inherit @ https://va.vercel-scripts.com/v1/script.debug.js:0
[   56431ms] [LOG] %c[Vercel Web Analytics]%c [view] http://localhost:5173/works/webgl-image-slider/ color: rgb(120, 120, 120) color: inherit {o: http://localhost:5173/works/webgl-image-slider/, sv: 0.1.3, sdkn: @vercel/analytics, sdkv: 2.0.1, ts: 1785273508585} /_vercel/insights/view @ https://va.vercel-scripts.com/v1/script.debug.js:0
[   56431ms] [LOG] %c[Vercel Speed Insights]%c Debug mode is enabled by default in development. No requests will be sent to the server. color: rgb(120, 120, 120) color: inherit @ https://va.vercel-scripts.com/v1/speed-insights/script.debug.js:0
[   61458ms] [LOG] %c[Vercel Web Analytics]%c Debug mode is enabled by default in development. No requests will be sent to the server. color: rgb(120, 120, 120) color: inherit @ https://va.vercel-scripts.com/v1/script.debug.js:0
[   61458ms] [LOG] %c[Vercel Web Analytics]%c [view] http://localhost:5173/works/webgl-image-slider/ color: rgb(120, 120, 120) color: inherit {o: http://localhost:5173/works/webgl-image-slider/, sv: 0.1.3, sdkn: @vercel/analytics, sdkv: 2.0.1, ts: 1785273513613} /_vercel/insights/view @ https://va.vercel-scripts.com/v1/script.debug.js:0
[   61458ms] [LOG] %c[Vercel Speed Insights]%c Debug mode is enabled by default in development. No requests will be sent to the server. color: rgb(120, 120, 120) color: inherit @ https://va.vercel-scripts.com/v1/speed-insights/script.debug.js:0
[  325678ms] [LOG] %c[Vercel Web Analytics]%c Debug mode is enabled by default in development. No requests will be sent to the server. color: rgb(120, 120, 120) color: inherit @ https://va.vercel-scripts.com/v1/script.debug.js:0
[  325679ms] [LOG] %c[Vercel Web Analytics]%c [view] http://localhost:5173/works/webgl-image-slider/ color: rgb(120, 120, 120) color: inherit {o: http://localhost:5173/works/webgl-image-slider/, sv: 0.1.3, sdkn: @vercel/analytics, sdkv: 2.0.1, ts: 1785273777834} /_vercel/insights/view @ https://va.vercel-scripts.com/v1/script.debug.js:0
[  325679ms] [LOG] %c[Vercel Speed Insights]%c Debug mode is enabled by default in development. No requests will be sent to the server. color: rgb(120, 120, 120) color: inherit @ https://va.vercel-scripts.com/v1/speed-insights/script.debug.js:0
[  338364ms] [LOG] %c[Vercel Web Analytics]%c Debug mode is enabled by default in development. No requests will be sent to the server. color: rgb(120, 120, 120) color: inherit @ https://va.vercel-scripts.com/v1/script.debug.js:0
[  338364ms] [LOG] %c[Vercel Web Analytics]%c [view] http://localhost:5173/works/webgl-image-slider/ color: rgb(120, 120, 120) color: inherit {o: http://localhost:5173/works/webgl-image-slider/, sv: 0.1.3, sdkn: @vercel/analytics, sdkv: 2.0.1, ts: 1785273790519} /_vercel/insights/view @ https://va.vercel-scripts.com/v1/script.debug.js:0
[  338789ms] [LOG] %c[Vercel Speed Insights]%c Debug mode is enabled by default in development. No requests will be sent to the server. color: rgb(120, 120, 120) color: inherit @ https://va.vercel-scripts.com/v1/speed-insights/script.debug.js:0
[ 1894791ms] [LOG] [vite] server connection lost. Polling for restart... @ http://localhost:5173/@vite/client:963
[ 1897422ms] [LOG] %c[Vercel Speed Insights]%c Debug mode is enabled by default in development. No requests will be sent to the server. color: rgb(120, 120, 120) color: inherit @ https://va.vercel-scripts.com/v1/speed-insights/script.debug.js:0
[ 1897431ms] [LOG] %c[Vercel Web Analytics]%c Debug mode is enabled by default in development. No requests will be sent to the server. color: rgb(120, 120, 120) color: inherit @ https://va.vercel-scripts.com/v1/script.debug.js:0
[ 1897431ms] [LOG] %c[Vercel Web Analytics]%c [view] http://localhost:5173/works/webgl-image-slider/ color: rgb(120, 120, 120) color: inherit {o: http://localhost:5173/works/webgl-image-slider/, sv: 0.1.3, sdkn: @vercel/analytics, sdkv: 2.0.1, ts: 1785275349587} /_vercel/insights/view @ https://va.vercel-scripts.com/v1/script.debug.js:0
[ 1962949ms] [LOG] %c[Vercel Speed Insights]%c [vitals] color: rgb(120, 120, 120) color: inherit {speed: 4g, metrics: Array(3), scriptVersion: 0.1.3, sdkName: @vercel/speed-insights, sdkVersion: 2.0.0} /_vercel/speed-insights/vitals @ https://va.vercel-scripts.com/v1/speed-insights/script.debug.js:0
[ 1962950ms] [LOG] %c[Vercel Speed Insights]%c [vitals] color: rgb(120, 120, 120) color: inherit {speed: 4g, metrics: Array(1), scriptVersion: 0.1.3, sdkName: @vercel/speed-insights, sdkVersion: 2.0.0} /_vercel/speed-insights/vitals @ https://va.vercel-scripts.com/v1/speed-insights/script.debug.js:0
